CHECKER 0 TYPE weak_honest TRUSTWORTHINESS 0.73
CHECKER 1 TYPE weak_honest TRUSTWORTHINESS 0.74
CHECKER 2 TYPE weak_honest TRUSTWORTHINESS 0.76
CHECKER 3 TYPE malicious TRUSTWORTHINESS 0.02
CHECKER 4 TYPE weak_honest TRUSTWORTHINESS 0.76
CHECKER 5 TYPE strong_honest TRUSTWORTHINESS 0.95
CHECKER 6 TYPE weak_honest TRUSTWORTHINESS 0.74
CHECKER 7 TYPE strong_honest TRUSTWORTHINESS 0.96
CHECKER 8 TYPE malicious TRUSTWORTHINESS 0.02
CHECKER 9 TYPE malicious TRUSTWORTHINESS 0.02
WRONG: 53  
CHECKER 0 TYPE weak_honest TRUSTWORTHINESS 0.72
CHECKER 1 TYPE weak_honest TRUSTWORTHINESS 0.74
CHECKER 2 TYPE weak_honest TRUSTWORTHINESS 0.72
CHECKER 3 TYPE malicious TRUSTWORTHINESS 0.01
CHECKER 4 TYPE weak_honest TRUSTWORTHINESS 0.74
CHECKER 5 TYPE strong_honest TRUSTWORTHINESS 0.94
CHECKER 6 TYPE weak_honest TRUSTWORTHINESS 0.72
CHECKER 7 TYPE strong_honest TRUSTWORTHINESS 0.95
CHECKER 8 TYPE malicious TRUSTWORTHINESS 0.01
CHECKER 9 TYPE malicious TRUSTWORTHINESS 0.01
WRONG INDICES [0, 1, 5, 15, 17, 21, 34, 51, 71, 133, 141, 179, 183, 186, 196, 207, 220, 232, 239, 245, 246, 278, 283, 284, 318, 331, 339, 378, 456, 485, 488, 496, 542, 556, 624, 672, 688, 716, 726, 736, 749, 755, 845, 850, 880, 887, 891, 899, 910, 913, 954, 973, 974]
